

                                                                      Page 1
ispLEVER Classic 1.7.00.05.28.13  -  Device Utilization Chart         Thu Feb 28 07:59:52 2019



--------------------------------------------------------------------------------

Module                   : 'arm'

--------------------------------------------------------------------------------

Input files:

    ABEL PLA file        : lab7.tt3
    Device library       : P22V10G.dev

Output files:

    Report file          : lab7.rpt
    Programmer load file : lab7.jed

--------------------------------------------------------------------------------


                                                                      Page 2
ispLEVER Classic 1.7.00.05.28.13  -  Device Utilization Chart         Thu Feb 28 07:59:52 2019

P22V10G Programmed Logic:
--------------------------------------------------------------------------------



A     = (  !I_7_ 
         #   I_6_ & !I_5_ & !I_4_ & !I_2_ & !I_1_ & !I_0_ 
         #   I_3_ & !I_2_ & !I_1_ & !I_0_ );

B     = (  I_7_ & I_2_ & !I_0_ 
         #   I_7_ & I_1_ & !I_0_ );

C     = (  I_7_ & I_5_ & !I_4_ & !I_3_ & !I_2_ & !I_1_ & !I_0_ );

D     = (  I_7_ & !I_5_ & !I_4_ & !I_2_ & !I_1_ 
         #   I_7_ & I_3_ & !I_2_ & !I_1_ 
         #   I_7_ & I_0_ );

E     = !(  !I_7_ 
         #   !I_6_ & !I_4_ & !I_3_ & !I_2_ & !I_0_ 
         #   I_5_ & !I_4_ & !I_3_ & !I_2_ & !I_0_ 
         #   I_1_ & !I_0_ );

F     = (  I_7_ & I_6_ & !I_3_ & !I_2_ & !I_1_ 
         #   I_7_ & I_5_ & !I_3_ & !I_2_ & !I_1_ 
         #   I_7_ & I_4_ & !I_3_ & !I_2_ & !I_1_ 
         #   I_7_ & I_0_ );

G     = (  !I_7_ 
         #   I_6_ & !I_5_ & !I_4_ & !I_3_ & !I_2_ & !I_1_ 
         #   I_0_ );

DP     = (0);
DP.OE  = (0);



                                                                      Page 3
ispLEVER Classic 1.7.00.05.28.13  -  Device Utilization Chart         Thu Feb 28 07:59:52 2019

P22V10G Chip Diagram:
--------------------------------------------------------------------------------




                                   P22V10G

                         +---------\       /---------+
                         |          \     /          |
                         |           -----           |
                         |  1                    24  | Vcc                     
                         |                           |
                    I_7_ |  2                    23  |                         
                         |                           |
                    I_6_ |  3                    22  |                         
                         |                           |
                    I_5_ |  4                    21  | DP                      
                         |                           |
                    I_4_ |  5                    20  | G                       
                         |                           |
                    I_3_ |  6                    19  | F                       
                         |                           |
                    I_2_ |  7                    18  | !E                      
                         |                           |
                    I_1_ |  8                    17  | D                       
                         |                           |
                    I_0_ |  9                    16  | C                       
                         |                           |
                         | 10                    15  | B                       
                         |                           |
                         | 11                    14  | A                       
                         |                           |
                     GND | 12                    13  |                         
                         |                           |
                         |                           |
                         `---------------------------'

                        SIGNATURE: N/A


                                                                      Page 4
ispLEVER Classic 1.7.00.05.28.13  -  Device Utilization Chart         Thu Feb 28 07:59:52 2019

P22V10G Resource Allocations:
--------------------------------------------------------------------------------



        Device        | Resource  |   Design    |
       Resources      | Available | Requirement | Unused
======================|===========|=============|==============
                      |           |             |
Input Pins:           |           |             |
                      |           |             |
          Input:      |     12    |      8      |    4 ( 33 %)
                      |           |             |
Output Pins:          |           |             |
                      |           |             |
          In/Out:     |     10    |      8      |    2 ( 20 %)
          Output:     |      -    |      -      |    -
                      |           |             |
Buried Nodes:         |           |             |
                      |           |             |
          Input Reg:  |      -    |      -      |    -
          Pin Reg:    |     10    |      0      |   10 (100 %)
          Buried Reg: |      -    |      -      |    -


                                                                      Page 5
ispLEVER Classic 1.7.00.05.28.13  -  Device Utilization Chart         Thu Feb 28 07:59:52 2019

P22V10G Product Terms Distribution:
--------------------------------------------------------------------------------



            Signal                       |    Pin   | Terms | Terms | Terms
             Name                        | Assigned | Used  |  Max  | Unused
=========================================|==========|=======|=======|=======
A                                        |   14     |   3   |   8   |   5
B                                        |   15     |   2   |  10   |   8
C                                        |   16     |   1   |  12   |  11
D                                        |   17     |   3   |  14   |  11
E                                        |   18     |   4   |  16   |  12
F                                        |   19     |   4   |  16   |  12
G                                        |   20     |   3   |  14   |  11
DP                                       |   21     |   0   |  12   |  12


     ==== List of Inputs/Feedbacks ====

Signal Name                              | Pin      | Pin Type
=========================================|==========|=========
I_7_                                     |    2     | INPUT
I_6_                                     |    3     | INPUT
I_5_                                     |    4     | INPUT
I_4_                                     |    5     | INPUT
I_3_                                     |    6     | INPUT
I_2_                                     |    7     | INPUT
I_1_                                     |    8     | INPUT
I_0_                                     |    9     | INPUT


                                                                      Page 6
ispLEVER Classic 1.7.00.05.28.13  -  Device Utilization Chart         Thu Feb 28 07:59:52 2019

P22V10G Unused Resources:
--------------------------------------------------------------------------------



 Pin   |  Pin   |   Product   | Flip-flop
Number |  Type  |   Terms     |   Type
=======|========|=============|==========
   10  |  INPUT |      -      |    -   
   11  |  INPUT |      -      |    -   
   13  |  INPUT |      -      |    -   
   22  |  BIDIR | NORMAL 10   |    D
   23  |  BIDIR | NORMAL  8   |    D
